C51 COMPILER V7.06   APP_STOPWATCH                                                         05/31/2020 00:14:52 PAGE 1   


C51 COMPILER V7.06, COMPILATION OF MODULE APP_STOPWATCH
OBJECT MODULE PLACED IN app_stopwatch.obj
COMPILER INVOKED BY: C:\Keil\C51\BIN\C51.EXE src\app_stopwatch.c BROWSE DEBUG OBJECTEXTEND PRINT(.\app_stopwatch.lst) OB
                    -JECT(app_stopwatch.obj)

stmt level    source

   1          #include "digit_seg.h"
   2          #include "key.h"
   3          #include "beeper.h"
   4          #include "lcd.h"
   5          #include "app_stopwatch.h"
   6          
   7          unsigned char time[]="It's time now:";
   8          void app_stopwatch_main(void)
   9          {
  10   1          static unsigned char hrs=0,mins=0,secs=0;
  11   1              secs++;
  12   1              beeper_request(1);//关闭蜂鸣器
  13   1              if(secs==60)
  14   1              {
  15   2                  secs=0;
  16   2                      mins++;
  17   2                      if(mins==60)
  18   2                      {
  19   3                          beeper_request(0);//整点报时，哈哈
  20   3                          mins=0;
  21   3                              hrs++;
  22   3                              if(hrs==24)
  23   3                              {
  24   4                                  hrs=0;
  25   4                              }
  26   3                      }
  27   2              }
  28   1              if(key_get_sts()!=0)
  29   1              {
  30   2                  hrs=0;
  31   2                      mins=0;
  32   2                      secs=0;
  33   2              }
  34   1      #if !(defined(LCD_EN))
  35   1              digital_seg_switch(0,hrs/10);
  36   1              digital_seg_switch(1,((hrs%10)+16));
  37   1              digital_seg_switch(2,mins/10);
  38   1          digital_seg_switch(3,((mins%10)+16));
  39   1              digital_seg_switch(4,secs/10);
  40   1              digital_seg_switch(5,secs%10);
  41   1      #else
                      lcd_show(1,time,14);
              #endif
  44   1      }


MODULE INFORMATION:   STATIC OVERLAYABLE
   CODE SIZE        =    134    ----
   CONSTANT SIZE    =   ----    ----
   XDATA SIZE       =   ----    ----
   PDATA SIZE       =   ----    ----
   DATA SIZE        =     18    ----
   IDATA SIZE       =   ----    ----
   BIT SIZE         =   ----    ----
C51 COMPILER V7.06   APP_STOPWATCH                                                         05/31/2020 00:14:52 PAGE 2   

END OF MODULE INFORMATION.


C51 COMPILATION COMPLETE.  0 WARNING(S),  0 ERROR(S)
