C51 COMPILER V7.06   DIGIT_SEG                                                             05/31/2020 00:14:52 PAGE 1   


C51 COMPILER V7.06, COMPILATION OF MODULE DIGIT_SEG
OBJECT MODULE PLACED IN digit_seg.obj
COMPILER INVOKED BY: C:\Keil\C51\BIN\C51.EXE src\digit_seg.c BROWSE DEBUG OBJECTEXTEND PRINT(.\digit_seg.lst) OBJECT(dig
                    -it_seg.obj)

stmt level    source

   1          #include <reg51.h>
   2          sbit dula=P2^6;//U1Ëø´æÆ÷Ëø´æ¶Ë
   3          sbit wela=P2^7;//U2Ëø´æÆ÷Ëø´æ¶Ë
   4          unsigned char code table[]={0x3f/*0*/,0x06/*1*/,0x5b/*2*/,0x4f/*3*/,0x66/*4*/,0x6d/*5*/,0x7d/*6*/,0x07/*7*
             -/,\
   5                                      0x7f/*8*/,0x6f/*9*/,0x77/*A*/,0x7c/*b*/,0x39/*C*/,0x5e/*d*/,0x79/*E*/,0x71/*F*
             -/,\
   6                                                                  0xBF/*0.*/,0x86/*1.*/,0xdb/*2.*/,0xcf/*3.*/,0xe6/*4.*/,0xed/*5.*/,0xfd/*6.*/,0x87/*7.*/,\
   7                                                                  0xff/*8.*/,0xef/*9.*/};
   8          unsigned char code ucWeTable[]={0xFE,0xFD,0xFB,0xF7,0xEF,0xDF};//,0x7d,0x07,0x7f,0x6f,0x77,0x7c,0x39,0x5e,
             -0x79,0x71};
   9          typedef struct{
  10              unsigned char ucWe;
  11                  unsigned char ucValue;
  12          }stDigitSegSts;
  13          stDigitSegSts ucDigitSegStsVal[]={{0xFF,0x00},{0xFF,0x00},{0xFF,0x00},{0xFF,0x00},{0xFF,0x00},{0xFF,0x00}}
             -;//Ä¬ÈÏ¹Ø±ÕËùÓÐÊýÂë¹Ü
  14          
  15          void digital_segment_init(void)
  16          {
  17   1              wela=1;
  18   1              //P0=aa;
  19   1              P0=0xC0;
  20   1              wela=0;
  21   1      
  22   1              //dula=1;
  23   1              //P0=0x7F;
  24   1              //dula=0;
  25   1      }
  26          void digital_seg_cyclic(void)
  27          {
  28   1          static unsigned char index=0;
  29   1          //ÊýÂë¹Ü
  30   1              P0=0x00;
  31   1              dula=1;
  32   1              P0=ucDigitSegStsVal[index].ucValue;
  33   1              dula=0;
  34   1              P0=0xFF;
  35   1          wela=1;
  36   1              P0=ucDigitSegStsVal[index].ucWe;
  37   1              wela=0;
  38   1      
  39   1              index++;
  40   1              if(index==(sizeof(ucDigitSegStsVal)/sizeof(stDigitSegSts)))
  41   1              {
  42   2                  index=0;
  43   2              }
  44   1      }
  45          void digital_seg_switch(unsigned char ucChannel,unsigned char unValue)
  46          {
  47   1          if((unValue<=sizeof(table))&&(ucChannel<(sizeof(ucDigitSegStsVal)/sizeof(stDigitSegSts))))
  48   1              {
  49   2                  ucDigitSegStsVal[ucChannel].ucValue = table[unValue];
  50   2                      ucDigitSegStsVal[ucChannel].ucWe=ucWeTable[ucChannel];
C51 COMPILER V7.06   DIGIT_SEG                                                             05/31/2020 00:14:52 PAGE 2   

  51   2              }
  52   1      }


MODULE INFORMATION:   STATIC OVERLAYABLE
   CODE SIZE        =     94    ----
   CONSTANT SIZE    =     32    ----
   XDATA SIZE       =   ----    ----
   PDATA SIZE       =   ----    ----
   DATA SIZE        =     13    ----
   IDATA SIZE       =   ----    ----
   BIT SIZE         =   ----    ----
END OF MODULE INFORMATION.


C51 COMPILATION COMPLETE.  0 WARNING(S),  0 ERROR(S)
